Component: Arm Compiler for Embedded 6.19 Tool: armlink [5e73cb00]

==============================================================================

Section Cross References

    ad.o(.ARM.exidx.text.InitAd) refers to ad.o(.text.InitAd) for [Anonymous Symbol]
    ad.o(.ARM.exidx.text.GetAdValue) refers to ad.o(.text.GetAdValue) for [Anonymous Symbol]
    buttons.o(.ARM.exidx.text.InitButtons) refers to buttons.o(.text.InitButtons) for [Anonymous Symbol]
    buttons.o(.ARM.exidx.text.SW1Active) refers to buttons.o(.text.SW1Active) for [Anonymous Symbol]
    buttons.o(.ARM.exidx.text.SW2Active) refers to buttons.o(.text.SW2Active) for [Anonymous Symbol]
    buttons.o(.ARM.exidx.text.BovenActive) refers to buttons.o(.text.BovenActive) for [Anonymous Symbol]
    buttons.o(.ARM.exidx.text.OnderActive) refers to buttons.o(.text.OnderActive) for [Anonymous Symbol]
    buttons.o(.ARM.exidx.text.LinksActive) refers to buttons.o(.text.LinksActive) for [Anonymous Symbol]
    buttons.o(.ARM.exidx.text.RechtsActive) refers to buttons.o(.text.RechtsActive) for [Anonymous Symbol]
    leds.o(.ARM.exidx.text.InitLeds) refers to leds.o(.text.InitLeds) for [Anonymous Symbol]
    leds.o(.ARM.exidx.text.ByteToLeds) refers to leds.o(.text.ByteToLeds) for [Anonymous Symbol]
    leds.o(.ARM.exidx.text.ToggleLed) refers to leds.o(.text.ToggleLed) for [Anonymous Symbol]
    leds.o(.text.ByteToLevel) refers to leds.o(.text.ByteToLeds) for ByteToLeds
    leds.o(.ARM.exidx.text.ByteToLevel) refers to leds.o(.text.ByteToLevel) for [Anonymous Symbol]
    leds.o(.ARM.exidx.text.SetUserLed) refers to leds.o(.text.SetUserLed) for [Anonymous Symbol]
    main.o(.text.itoa) refers to aeabi_sdivfast.o(.text_divfast) for __aeabi_idiv
    main.o(.text.itoa) refers to main.o(.rodata.str1.1) for [Anonymous Symbol]
    main.o(.ARM.exidx.text.itoa) refers to main.o(.text.itoa) for [Anonymous Symbol]
    main.o(.ARM.exidx.text.initRows) refers to main.o(.text.initRows) for [Anonymous Symbol]
    main.o(.ARM.exidx.text.initCols) refers to main.o(.text.initCols) for [Anonymous Symbol]
    main.o(.text.scanMatrix) refers to usart2.o(.text.StringToUsart2) for StringToUsart2
    main.o(.text.scanMatrix) refers to main.o(.bss..L_MergedGlobals) for [Anonymous Symbol]
    main.o(.text.scanMatrix) refers to main.o(.rodata..L__const.scanMatrix.inputs) for [Anonymous Symbol]
    main.o(.text.scanMatrix) refers to main.o(.rodata.str1.1) for [Anonymous Symbol]
    main.o(.ARM.exidx.text.scanMatrix) refers to main.o(.text.scanMatrix) for [Anonymous Symbol]
    main.o(.text.potmeter) refers to ad.o(.text.GetAdValue) for GetAdValue
    main.o(.text.potmeter) refers to usart2.o(.text.StringToUsart2) for StringToUsart2
    main.o(.text.potmeter) refers to main.o(.bss..L_MergedGlobals) for [Anonymous Symbol]
    main.o(.text.potmeter) refers to main.o(.data.outputValueVorige) for outputValueVorige
    main.o(.text.potmeter) refers to main.o(.rodata..Lswitch.table.main) for [Anonymous Symbol]
    main.o(.ARM.exidx.text.potmeter) refers to main.o(.text.potmeter) for [Anonymous Symbol]
    main.o(.text.WaitForMs) refers to main.o(.bss..L_MergedGlobals) for [Anonymous Symbol]
    main.o(.ARM.exidx.text.WaitForMs) refers to main.o(.text.WaitForMs) for [Anonymous Symbol]
    main.o(.text.joystick) refers to buttons.o(.text.BovenActive) for BovenActive
    main.o(.text.joystick) refers to usart2.o(.text.StringToUsart2) for StringToUsart2
    main.o(.text.joystick) refers to buttons.o(.text.OnderActive) for OnderActive
    main.o(.text.joystick) refers to buttons.o(.text.LinksActive) for LinksActive
    main.o(.text.joystick) refers to buttons.o(.text.RechtsActive) for RechtsActive
    main.o(.text.joystick) refers to main.o(.bss..L_MergedGlobals) for [Anonymous Symbol]
    main.o(.ARM.exidx.text.joystick) refers to main.o(.text.joystick) for [Anonymous Symbol]
    main.o(.text.main) refers to main.o(.text.SystemClock_Config) for SystemClock_Config
    main.o(.text.main) refers to usart2.o(.text.InitUsart2) for InitUsart2
    main.o(.text.main) refers to ad.o(.text.InitAd) for InitAd
    main.o(.text.main) refers to buttons.o(.text.InitButtons) for InitButtons
    main.o(.text.main) refers to usart2.o(.text.StringToUsart2) for StringToUsart2
    main.o(.text.main) refers to main.o(.text.scanMatrix) for scanMatrix
    main.o(.text.main) refers to main.o(.text.joystick) for joystick
    main.o(.text.main) refers to ad.o(.text.GetAdValue) for GetAdValue
    main.o(.text.main) refers to main.o(.bss..L_MergedGlobals) for [Anonymous Symbol]
    main.o(.text.main) refers to main.o(.data.outputValueVorige) for outputValueVorige
    main.o(.text.main) refers to main.o(.rodata..Lswitch.table.main) for [Anonymous Symbol]
    main.o(.text.main) refers to main.o(.rodata..L__const.scanMatrix.inputs) for [Anonymous Symbol]
    main.o(.text.main) refers to main.o(.rodata.str1.1) for [Anonymous Symbol]
    main.o(.ARM.exidx.text.main) refers to main.o(.text.main) for [Anonymous Symbol]
    main.o(.text.SystemClock_Config) refers to system_stm32f0xx.o(.text.SystemCoreClockUpdate) for SystemCoreClockUpdate
    main.o(.ARM.exidx.text.SystemClock_Config) refers to main.o(.text.SystemClock_Config) for [Anonymous Symbol]
    main.o(.ARM.exidx.text.InitIo) refers to main.o(.text.InitIo) for [Anonymous Symbol]
    main.o(.text.SysTick_Handler) refers to main.o(.bss..L_MergedGlobals) for [Anonymous Symbol]
    main.o(.ARM.exidx.text.SysTick_Handler) refers to main.o(.text.SysTick_Handler) for [Anonymous Symbol]
    main.o(.rodata..Lswitch.table.main) refers to main.o(.rodata.str1.1) for [Anonymous Symbol]
    usart2.o(.text.InitUsart2) refers to aeabi_sdivfast.o(.text_divfast) for __aeabi_uidiv
    usart2.o(.ARM.exidx.text.InitUsart2) refers to usart2.o(.text.InitUsart2) for [Anonymous Symbol]
    usart2.o(.ARM.exidx.text.StringToUsart2) refers to usart2.o(.text.StringToUsart2) for [Anonymous Symbol]
    usart2.o(.ARM.exidx.text.receiveUsart2) refers to usart2.o(.text.receiveUsart2) for [Anonymous Symbol]
    usart2.o(.text.TESTreceiveUsart2String) refers to usart2.o(.bss.rxBuffer) for rxBuffer
    usart2.o(.ARM.exidx.text.TESTreceiveUsart2String) refers to usart2.o(.text.TESTreceiveUsart2String) for [Anonymous Symbol]
    usart2.o(.ARM.exidx.text.receiveUsart2String) refers to usart2.o(.text.receiveUsart2String) for [Anonymous Symbol]
    startup_stm32f091xc.o(STACK) refers (Special) to heapauxi.o(.text) for __use_two_region_memory
    startup_stm32f091xc.o(HEAP) refers (Special) to heapauxi.o(.text) for __use_two_region_memory
    startup_stm32f091xc.o(RESET) refers (Special) to heapauxi.o(.text) for __use_two_region_memory
    startup_stm32f091xc.o(RESET) refers to startup_stm32f091xc.o(STACK) for __initial_sp
    startup_stm32f091xc.o(RESET) refers to startup_stm32f091xc.o(.text) for Reset_Handler
    startup_stm32f091xc.o(RESET) refers to main.o(.text.SysTick_Handler) for SysTick_Handler
    startup_stm32f091xc.o(.text) refers (Special) to heapauxi.o(.text) for __use_two_region_memory
    startup_stm32f091xc.o(.text) refers to system_stm32f0xx.o(.text.SystemInit) for SystemInit
    startup_stm32f091xc.o(.text) refers to __main.o(!!!main) for __main
    startup_stm32f091xc.o(.text) refers to startup_stm32f091xc.o(HEAP) for Heap_Mem
    startup_stm32f091xc.o(.text) refers to startup_stm32f091xc.o(STACK) for Stack_Mem
    system_stm32f0xx.o(.ARM.exidx.text.SystemInit) refers to system_stm32f0xx.o(.text.SystemInit) for [Anonymous Symbol]
    system_stm32f0xx.o(.text.SystemCoreClockUpdate) refers to aeabi_sdivfast.o(.text_divfast) for __aeabi_uidiv
    system_stm32f0xx.o(.text.SystemCoreClockUpdate) refers to system_stm32f0xx.o(.data.SystemCoreClock) for SystemCoreClock
    system_stm32f0xx.o(.text.SystemCoreClockUpdate) refers to system_stm32f0xx.o(.rodata.AHBPrescTable) for AHBPrescTable
    system_stm32f0xx.o(.ARM.exidx.text.SystemCoreClockUpdate) refers to system_stm32f0xx.o(.text.SystemCoreClockUpdate) for [Anonymous Symbol]
    __main.o(!!!main) refers to __rtentry.o(.ARM.Collect$$rtentry$$00000000) for __rt_entry
    __rtentry.o(.ARM.Collect$$rtentry$$00000000) refers (Special) to __rtentry2.o(.ARM.Collect$$rtentry$$0000000A) for __rt_entry_li
    __rtentry.o(.ARM.Collect$$rtentry$$00000000) refers (Special) to __rtentry2.o(.ARM.Collect$$rtentry$$0000000D) for __rt_entry_main
    __rtentry.o(.ARM.Collect$$rtentry$$00000000) refers (Special) to __rtentry2.o(.ARM.Collect$$rtentry$$0000000C) for __rt_entry_postli_1
    __rtentry.o(.ARM.Collect$$rtentry$$00000000) refers (Special) to __rtentry2.o(.ARM.Collect$$rtentry$$00000009) for __rt_entry_postsh_1
    __rtentry.o(.ARM.Collect$$rtentry$$00000000) refers (Special) to __rtentry2.o(.ARM.Collect$$rtentry$$00000002) for __rt_entry_presh_1
    __rtentry.o(.ARM.Collect$$rtentry$$00000000) refers (Special) to __rtentry4.o(.ARM.Collect$$rtentry$$00000004) for __rt_entry_sh
    aeabi_idiv0_sigfpe.o(.text) refers to rt_div0.o(.text) for __rt_div0
    __rtentry2.o(.ARM.Collect$$rtentry$$00000008) refers to boardinit2.o(.text) for _platform_post_stackheap_init
    __rtentry2.o(.ARM.Collect$$rtentry$$0000000A) refers to libinit.o(.ARM.Collect$$libinit$$00000000) for __rt_lib_init
    __rtentry2.o(.ARM.Collect$$rtentry$$0000000B) refers to boardinit3.o(.text) for _platform_post_lib_init
    __rtentry2.o(.ARM.Collect$$rtentry$$0000000D) refers to main.o(.text.main) for main
    __rtentry2.o(.ARM.Collect$$rtentry$$0000000D) refers to exit.o(.text) for exit
    __rtentry2.o(.ARM.exidx) refers to __rtentry2.o(.ARM.Collect$$rtentry$$00000001) for .ARM.Collect$$rtentry$$00000001
    __rtentry2.o(.ARM.exidx) refers to __rtentry2.o(.ARM.Collect$$rtentry$$00000008) for .ARM.Collect$$rtentry$$00000008
    __rtentry2.o(.ARM.exidx) refers to __rtentry2.o(.ARM.Collect$$rtentry$$0000000A) for .ARM.Collect$$rtentry$$0000000A
    __rtentry2.o(.ARM.exidx) refers to __rtentry2.o(.ARM.Collect$$rtentry$$0000000B) for .ARM.Collect$$rtentry$$0000000B
    __rtentry2.o(.ARM.exidx) refers to __rtentry2.o(.ARM.Collect$$rtentry$$0000000D) for .ARM.Collect$$rtentry$$0000000D
    __rtentry4.o(.ARM.Collect$$rtentry$$00000004) refers to sys_stackheap_outer.o(.text) for __user_setup_stackheap
    __rtentry4.o(.ARM.exidx) refers to __rtentry4.o(.ARM.Collect$$rtentry$$00000004) for .ARM.Collect$$rtentry$$00000004
    rt_div0.o(.text) refers to defsig_fpe_outer.o(.text) for __rt_SIGFPE
    sys_stackheap_outer.o(.text) refers to libspace.o(.text) for __user_perproc_libspace
    sys_stackheap_outer.o(.text) refers to startup_stm32f091xc.o(.text) for __user_initial_stackheap
    sys_stackheap_outer.o(__vectab_stack_and_reset_area) refers to tempstk.o(.text) for __temporary_stack_top
    sys_stackheap_outer.o(__vectab_stack_and_reset_area) refers to __main.o(!!!main) for __main
    exit.o(.text) refers to rtexit.o(.ARM.Collect$$rtexit$$00000000) for __rt_exit
    defsig_fpe_outer.o(.text) refers to defsig_fpe_inner.o(.text) for __rt_SIGFPE_inner
    defsig_fpe_outer.o(.text) refers to defsig_exit.o(.text) for __sig_exit
    defsig_fpe_formal.o(.text) refers to rt_raise.o(.text) for __rt_raise
    libinit.o(.ARM.Collect$$libinit$$00000000) refers (Special) to libinit2.o(.ARM.Collect$$libinit$$00000030) for __rt_lib_init_alloca_1
    libinit.o(.ARM.Collect$$libinit$$00000000) refers (Special) to libinit2.o(.ARM.Collect$$libinit$$0000002E) for __rt_lib_init_argv_1
    libinit.o(.ARM.Collect$$libinit$$00000000) refers (Special) to libinit2.o(.ARM.Collect$$libinit$$0000001D) for __rt_lib_init_atexit_1
    libinit.o(.ARM.Collect$$libinit$$00000000) refers (Special) to libinit2.o(.ARM.Collect$$libinit$$00000023) for __rt_lib_init_clock_1
    libinit.o(.ARM.Collect$$libinit$$00000000) refers (Special) to libinit2.o(.ARM.Collect$$libinit$$00000034) for __rt_lib_init_cpp_1
    libinit.o(.ARM.Collect$$libinit$$00000000) refers (Special) to libinit2.o(.ARM.Collect$$libinit$$00000032) for __rt_lib_init_exceptions_1
    libinit.o(.ARM.Collect$$libinit$$00000000) refers (Special) to libinit2.o(.ARM.Collect$$libinit$$00000002) for __rt_lib_init_fp_1
    libinit.o(.ARM.Collect$$libinit$$00000000) refers (Special) to libinit2.o(.ARM.Collect$$libinit$$00000021) for __rt_lib_init_fp_trap_1
    libinit.o(.ARM.Collect$$libinit$$00000000) refers (Special) to libinit2.o(.ARM.Collect$$libinit$$00000025) for __rt_lib_init_getenv_1
    libinit.o(.ARM.Collect$$libinit$$00000000) refers (Special) to libinit2.o(.ARM.Collect$$libinit$$0000000C) for __rt_lib_init_heap_1
    libinit.o(.ARM.Collect$$libinit$$00000000) refers (Special) to libinit2.o(.ARM.Collect$$libinit$$00000013) for __rt_lib_init_lc_collate_1
    libinit.o(.ARM.Collect$$libinit$$00000000) refers (Special) to libinit2.o(.ARM.Collect$$libinit$$00000015) for __rt_lib_init_lc_ctype_1
    libinit.o(.ARM.Collect$$libinit$$00000000) refers (Special) to libinit2.o(.ARM.Collect$$libinit$$00000017) for __rt_lib_init_lc_monetary_1
    libinit.o(.ARM.Collect$$libinit$$00000000) refers (Special) to libinit2.o(.ARM.Collect$$libinit$$00000019) for __rt_lib_init_lc_numeric_1
    libinit.o(.ARM.Collect$$libinit$$00000000) refers (Special) to libinit2.o(.ARM.Collect$$libinit$$0000001B) for __rt_lib_init_lc_time_1
    libinit.o(.ARM.Collect$$libinit$$00000000) refers (Special) to libinit2.o(.ARM.Collect$$libinit$$00000006) for __rt_lib_init_preinit_1
    libinit.o(.ARM.Collect$$libinit$$00000000) refers (Special) to libinit2.o(.ARM.Collect$$libinit$$00000010) for __rt_lib_init_rand_1
    libinit.o(.ARM.Collect$$libinit$$00000000) refers (Special) to libinit2.o(.ARM.Collect$$libinit$$00000004) for __rt_lib_init_relocate_pie_1
    libinit.o(.ARM.Collect$$libinit$$00000000) refers (Special) to libinit2.o(.ARM.Collect$$libinit$$00000035) for __rt_lib_init_return
    libinit.o(.ARM.Collect$$libinit$$00000000) refers (Special) to libinit2.o(.ARM.Collect$$libinit$$0000001F) for __rt_lib_init_signal_1
    libinit.o(.ARM.Collect$$libinit$$00000000) refers (Special) to libinit2.o(.ARM.Collect$$libinit$$00000027) for __rt_lib_init_stdio_1
    libinit.o(.ARM.Collect$$libinit$$00000000) refers (Special) to libinit2.o(.ARM.Collect$$libinit$$0000000E) for __rt_lib_init_user_alloc_1
    libspace.o(.text) refers to libspace.o(.bss) for __libspace_start
    rtexit.o(.ARM.Collect$$rtexit$$00000000) refers (Special) to rtexit2.o(.ARM.Collect$$rtexit$$00000004) for __rt_exit_exit
    rtexit.o(.ARM.Collect$$rtexit$$00000000) refers (Special) to rtexit2.o(.ARM.Collect$$rtexit$$00000003) for __rt_exit_ls
    rtexit.o(.ARM.Collect$$rtexit$$00000000) refers (Special) to rtexit2.o(.ARM.Collect$$rtexit$$00000002) for __rt_exit_prels_1
    rtexit.o(.ARM.exidx) refers (Special) to rtexit2.o(.ARM.Collect$$rtexit$$00000004) for __rt_exit_exit
    rtexit.o(.ARM.exidx) refers (Special) to rtexit2.o(.ARM.Collect$$rtexit$$00000003) for __rt_exit_ls
    rtexit.o(.ARM.exidx) refers (Special) to rtexit2.o(.ARM.Collect$$rtexit$$00000002) for __rt_exit_prels_1
    rtexit.o(.ARM.exidx) refers to rtexit.o(.ARM.Collect$$rtexit$$00000000) for .ARM.Collect$$rtexit$$00000000
    rt_raise.o(.text) refers to __raise.o(.text) for __raise
    rt_raise.o(.text) refers to sys_exit.o(.text) for _sys_exit
    defsig_exit.o(.text) refers to sys_exit.o(.text) for _sys_exit
    defsig_fpe_inner.o(.text) refers to defsig_general.o(.text) for __default_signal_display
    libinit2.o(.ARM.Collect$$libinit$$00000012) refers to libinit2.o(.ARM.Collect$$libinit$$00000011) for .ARM.Collect$$libinit$$00000011
    libinit2.o(.ARM.Collect$$libinit$$00000014) refers to libinit2.o(.ARM.Collect$$libinit$$00000011) for .ARM.Collect$$libinit$$00000011
    libinit2.o(.ARM.Collect$$libinit$$00000016) refers to libinit2.o(.ARM.Collect$$libinit$$00000011) for .ARM.Collect$$libinit$$00000011
    libinit2.o(.ARM.Collect$$libinit$$00000018) refers to libinit2.o(.ARM.Collect$$libinit$$00000011) for .ARM.Collect$$libinit$$00000011
    libinit2.o(.ARM.Collect$$libinit$$0000001A) refers to libinit2.o(.ARM.Collect$$libinit$$00000011) for .ARM.Collect$$libinit$$00000011
    libinit2.o(.ARM.Collect$$libinit$$00000028) refers to argv_veneer.o(.text) for __ARM_argv_veneer
    libinit2.o(.ARM.Collect$$libinit$$00000029) refers to argv_veneer.o(.text) for __ARM_argv_veneer
    sys_exit.o(.text) refers (Special) to use_no_semi.o(.text) for __I$use$semihosting
    sys_exit.o(.text) refers (Special) to indicate_semi.o(.text) for __semihosting_library_function
    sys_exit_hlt.o(.text) refers (Special) to use_no_semi.o(.text) for __I$use$semihosting
    sys_exit_hlt.o(.text) refers (Special) to indicate_semi.o(.text) for __semihosting_library_function
    rtexit2.o(.ARM.Collect$$rtexit$$00000003) refers to libshutdown.o(.ARM.Collect$$libshutdown$$00000000) for __rt_lib_shutdown
    rtexit2.o(.ARM.Collect$$rtexit$$00000004) refers to sys_exit.o(.text) for _sys_exit
    rtexit2.o(.ARM.exidx) refers to rtexit2.o(.ARM.Collect$$rtexit$$00000001) for .ARM.Collect$$rtexit$$00000001
    rtexit2.o(.ARM.exidx) refers to rtexit2.o(.ARM.Collect$$rtexit$$00000003) for .ARM.Collect$$rtexit$$00000003
    rtexit2.o(.ARM.exidx) refers to rtexit2.o(.ARM.Collect$$rtexit$$00000004) for .ARM.Collect$$rtexit$$00000004
    __raise.o(.text) refers to defsig.o(CL$$defsig) for __default_signal_handler
    defsig_general.o(.text) refers to sys_wrch.o(.text) for _ttywrch
    sys_wrch.o(.text) refers (Special) to use_no_semi.o(.text) for __I$use$semihosting
    sys_wrch.o(.text) refers (Special) to indicate_semi.o(.text) for __semihosting_library_function
    sys_wrch_hlt.o(.text) refers (Special) to use_no_semi.o(.text) for __I$use$semihosting
    sys_wrch_hlt.o(.text) refers (Special) to indicate_semi.o(.text) for __semihosting_library_function
    defsig.o(CL$$defsig) refers to defsig_fpe_inner.o(.text) for __rt_SIGFPE_inner
    defsig.o(CL$$defsig) refers to defsig_rtmem_inner.o(.text) for __rt_SIGRTMEM_inner
    _get_argv_nomalloc.o(.text) refers (Special) to hrguard.o(.text) for __heap_region$guard
    _get_argv_nomalloc.o(.text) refers to defsig_rtmem_outer.o(.text) for __rt_SIGRTMEM
    _get_argv_nomalloc.o(.text) refers to sys_command.o(.text) for _sys_command_string
    libshutdown.o(.ARM.Collect$$libshutdown$$00000000) refers (Special) to libshutdown2.o(.ARM.Collect$$libshutdown$$00000002) for __rt_lib_shutdown_cpp_1
    libshutdown.o(.ARM.Collect$$libshutdown$$00000000) refers (Special) to libshutdown2.o(.ARM.Collect$$libshutdown$$00000007) for __rt_lib_shutdown_fp_trap_1
    libshutdown.o(.ARM.Collect$$libshutdown$$00000000) refers (Special) to libshutdown2.o(.ARM.Collect$$libshutdown$$0000000F) for __rt_lib_shutdown_heap_1
    libshutdown.o(.ARM.Collect$$libshutdown$$00000000) refers (Special) to libshutdown2.o(.ARM.Collect$$libshutdown$$00000010) for __rt_lib_shutdown_return
    libshutdown.o(.ARM.Collect$$libshutdown$$00000000) refers (Special) to libshutdown2.o(.ARM.Collect$$libshutdown$$0000000A) for __rt_lib_shutdown_signal_1
    libshutdown.o(.ARM.Collect$$libshutdown$$00000000) refers (Special) to libshutdown2.o(.ARM.Collect$$libshutdown$$00000004) for __rt_lib_shutdown_stdio_1
    libshutdown.o(.ARM.Collect$$libshutdown$$00000000) refers (Special) to libshutdown2.o(.ARM.Collect$$libshutdown$$0000000C) for __rt_lib_shutdown_user_alloc_1
    sys_command.o(.text) refers (Special) to use_no_semi.o(.text) for __I$use$semihosting
    sys_command.o(.text) refers (Special) to indicate_semi.o(.text) for __semihosting_library_function
    sys_command_hlt.o(.text) refers (Special) to use_no_semi.o(.text) for __I$use$semihosting
    sys_command_hlt.o(.text) refers (Special) to indicate_semi.o(.text) for __semihosting_library_function
    defsig_abrt_inner.o(.text) refers to defsig_general.o(.text) for __default_signal_display
    defsig_rtred_inner.o(.text) refers to defsig_general.o(.text) for __default_signal_display
    defsig_rtmem_inner.o(.text) refers to defsig_general.o(.text) for __default_signal_display
    defsig_rtmem_outer.o(.text) refers to defsig_rtmem_inner.o(.text) for __rt_SIGRTMEM_inner
    defsig_rtmem_outer.o(.text) refers to defsig_exit.o(.text) for __sig_exit
    defsig_rtmem_formal.o(.text) refers to rt_raise.o(.text) for __rt_raise
    defsig_stak_inner.o(.text) refers to defsig_general.o(.text) for __default_signal_display
    defsig_pvfn_inner.o(.text) refers to defsig_general.o(.text) for __default_signal_display
    defsig_cppl_inner.o(.text) refers to defsig_general.o(.text) for __default_signal_display
    defsig_segv_inner.o(.text) refers to defsig_general.o(.text) for __default_signal_display
    defsig_other.o(.text) refers to defsig_general.o(.text) for __default_signal_display


==============================================================================

Removing Unused input sections from the image.

    Removing ad.o(.text), (0 bytes).
    Removing ad.o(.ARM.exidx.text.InitAd), (8 bytes).
    Removing ad.o(.ARM.exidx.text.GetAdValue), (8 bytes).
    Removing buttons.o(.text), (0 bytes).
    Removing buttons.o(.ARM.exidx.text.InitButtons), (8 bytes).
    Removing buttons.o(.text.SW1Active), (20 bytes).
    Removing buttons.o(.ARM.exidx.text.SW1Active), (8 bytes).
    Removing buttons.o(.text.SW2Active), (20 bytes).
    Removing buttons.o(.ARM.exidx.text.SW2Active), (8 bytes).
    Removing buttons.o(.ARM.exidx.text.BovenActive), (8 bytes).
    Removing buttons.o(.ARM.exidx.text.OnderActive), (8 bytes).
    Removing buttons.o(.ARM.exidx.text.LinksActive), (8 bytes).
    Removing buttons.o(.ARM.exidx.text.RechtsActive), (8 bytes).
    Removing leds.o(.text), (0 bytes).
    Removing leds.o(.text.InitLeds), (164 bytes).
    Removing leds.o(.ARM.exidx.text.InitLeds), (8 bytes).
    Removing leds.o(.text.ByteToLeds), (136 bytes).
    Removing leds.o(.ARM.exidx.text.ByteToLeds), (8 bytes).
    Removing leds.o(.text.ToggleLed), (80 bytes).
    Removing leds.o(.ARM.exidx.text.ToggleLed), (8 bytes).
    Removing leds.o(.text.ByteToLevel), (252 bytes).
    Removing leds.o(.ARM.exidx.text.ByteToLevel), (8 bytes).
    Removing leds.o(.text.SetUserLed), (24 bytes).
    Removing leds.o(.ARM.exidx.text.SetUserLed), (8 bytes).
    Removing main.o(.text), (0 bytes).
    Removing main.o(.text.itoa), (208 bytes).
    Removing main.o(.ARM.exidx.text.itoa), (8 bytes).
    Removing main.o(.text.initRows), (44 bytes).
    Removing main.o(.ARM.exidx.text.initRows), (8 bytes).
    Removing main.o(.text.initCols), (32 bytes).
    Removing main.o(.ARM.exidx.text.initCols), (8 bytes).
    Removing main.o(.ARM.exidx.text.scanMatrix), (8 bytes).
    Removing main.o(.text.potmeter), (232 bytes).
    Removing main.o(.ARM.exidx.text.potmeter), (8 bytes).
    Removing main.o(.text.WaitForMs), (36 bytes).
    Removing main.o(.ARM.exidx.text.WaitForMs), (8 bytes).
    Removing main.o(.ARM.exidx.text.joystick), (8 bytes).
    Removing main.o(.ARM.exidx.text.main), (8 bytes).
    Removing main.o(.ARM.exidx.text.SystemClock_Config), (8 bytes).
    Removing main.o(.text.InitIo), (2 bytes).
    Removing main.o(.ARM.exidx.text.InitIo), (8 bytes).
    Removing main.o(.ARM.exidx.text.SysTick_Handler), (8 bytes).
    Removing main.o(.ARM.use_no_argv), (4 bytes).
    Removing usart2.o(.text), (0 bytes).
    Removing usart2.o(.ARM.exidx.text.InitUsart2), (8 bytes).
    Removing usart2.o(.ARM.exidx.text.StringToUsart2), (8 bytes).
    Removing usart2.o(.text.receiveUsart2), (12 bytes).
    Removing usart2.o(.ARM.exidx.text.receiveUsart2), (8 bytes).
    Removing usart2.o(.text.TESTreceiveUsart2String), (76 bytes).
    Removing usart2.o(.ARM.exidx.text.TESTreceiveUsart2String), (8 bytes).
    Removing usart2.o(.text.receiveUsart2String), (12 bytes).
    Removing usart2.o(.ARM.exidx.text.receiveUsart2String), (8 bytes).
    Removing usart2.o(.bss.rxBuffer), (3 bytes).
    Removing system_stm32f0xx.o(.text), (0 bytes).
    Removing system_stm32f0xx.o(.ARM.exidx.text.SystemInit), (8 bytes).
    Removing system_stm32f0xx.o(.ARM.exidx.text.SystemCoreClockUpdate), (8 bytes).
    Removing system_stm32f0xx.o(.rodata.APBPrescTable), (8 bytes).

57 unused section(s) (total 1621 bytes) removed from the image.

==============================================================================

Image Symbol Table

    Local Symbols

    Symbol Name                              Value     Ov Type        Size  Object(Section)

    ../clib/angel/boardlib.s                 0x00000000   Number         0  boardinit1.o ABSOLUTE
    ../clib/angel/boardlib.s                 0x00000000   Number         0  boardinit2.o ABSOLUTE
    ../clib/angel/boardlib.s                 0x00000000   Number         0  boardinit3.o ABSOLUTE
    ../clib/angel/boardlib.s                 0x00000000   Number         0  boardshut.o ABSOLUTE
    ../clib/angel/handlers.s                 0x00000000   Number         0  __scatter_copy.o ABSOLUTE
    ../clib/angel/handlers.s                 0x00000000   Number         0  __scatter_zi.o ABSOLUTE
    ../clib/angel/kernel.s                   0x00000000   Number         0  __rtentry.o ABSOLUTE
    ../clib/angel/kernel.s                   0x00000000   Number         0  __rtentry2.o ABSOLUTE
    ../clib/angel/kernel.s                   0x00000000   Number         0  __rtentry4.o ABSOLUTE
    ../clib/angel/kernel.s                   0x00000000   Number         0  rtexit.o ABSOLUTE
    ../clib/angel/kernel.s                   0x00000000   Number         0  rtexit2.o ABSOLUTE
    ../clib/angel/rt.s                       0x00000000   Number         0  aeabi_idiv0.o ABSOLUTE
    ../clib/angel/rt.s                       0x00000000   Number         0  aeabi_idiv0_sigfpe.o ABSOLUTE
    ../clib/angel/rt.s                       0x00000000   Number         0  rt_div0.o ABSOLUTE
    ../clib/angel/rt.s                       0x00000000   Number         0  rt_raise.o ABSOLUTE
    ../clib/angel/scatterp.s                 0x00000000   Number         0  __scatter.o ABSOLUTE
    ../clib/angel/startup.s                  0x00000000   Number         0  __main.o ABSOLUTE
    ../clib/angel/sys.s                      0x00000000   Number         0  sys_stackheap_outer.o ABSOLUTE
    ../clib/angel/sys.s                      0x00000000   Number         0  libspace.o ABSOLUTE
    ../clib/angel/sys.s                      0x00000000   Number         0  tempstk.o ABSOLUTE
    ../clib/angel/sys.s                      0x00000000   Number         0  use_no_semi.o ABSOLUTE
    ../clib/angel/sys.s                      0x00000000   Number         0  indicate_semi.o ABSOLUTE
    ../clib/angel/sysapp.c                   0x00000000   Number         0  sys_exit.o ABSOLUTE
    ../clib/angel/sysapp.c                   0x00000000   Number         0  sys_exit_hlt.o ABSOLUTE
    ../clib/angel/sysapp.c                   0x00000000   Number         0  sys_wrch.o ABSOLUTE
    ../clib/angel/sysapp.c                   0x00000000   Number         0  sys_wrch_hlt.o ABSOLUTE
    ../clib/angel/sysapp.c                   0x00000000   Number         0  sys_command.o ABSOLUTE
    ../clib/angel/sysapp.c                   0x00000000   Number         0  sys_command_hlt.o ABSOLUTE
    ../clib/armsys.c                         0x00000000   Number         0  argv_veneer.o ABSOLUTE
    ../clib/armsys.c                         0x00000000   Number         0  _get_argv_nomalloc.o ABSOLUTE
    ../clib/armsys.c                         0x00000000   Number         0  no_argv.o ABSOLUTE
    ../clib/division.s                       0x00000000   Number         0  aeabi_sdivfast.o ABSOLUTE
    ../clib/division.s                       0x00000000   Number         0  aeabi_sdivfast_div0.o ABSOLUTE
    ../clib/heapalloc.c                      0x00000000   Number         0  hrguard.o ABSOLUTE
    ../clib/heapaux.c                        0x00000000   Number         0  heapauxi.o ABSOLUTE
    ../clib/libinit.s                        0x00000000   Number         0  libinit.o ABSOLUTE
    ../clib/libinit.s                        0x00000000   Number         0  libinit2.o ABSOLUTE
    ../clib/libinit.s                        0x00000000   Number         0  libshutdown.o ABSOLUTE
    ../clib/libinit.s                        0x00000000   Number         0  libshutdown2.o ABSOLUTE
    ../clib/signal.c                         0x00000000   Number         0  defsig_fpe_outer.o ABSOLUTE
    ../clib/signal.c                         0x00000000   Number         0  defsig_fpe_formal.o ABSOLUTE
    ../clib/signal.c                         0x00000000   Number         0  defsig_exit.o ABSOLUTE
    ../clib/signal.c                         0x00000000   Number         0  defsig_fpe_inner.o ABSOLUTE
    ../clib/signal.c                         0x00000000   Number         0  __raise.o ABSOLUTE
    ../clib/signal.c                         0x00000000   Number         0  defsig_general.o ABSOLUTE
    ../clib/signal.c                         0x00000000   Number         0  defsig_abrt_inner.o ABSOLUTE
    ../clib/signal.c                         0x00000000   Number         0  defsig_rtred_inner.o ABSOLUTE
    ../clib/signal.c                         0x00000000   Number         0  defsig_rtmem_inner.o ABSOLUTE
    ../clib/signal.c                         0x00000000   Number         0  defsig_rtmem_outer.o ABSOLUTE
    ../clib/signal.c                         0x00000000   Number         0  defsig_rtmem_formal.o ABSOLUTE
    ../clib/signal.c                         0x00000000   Number         0  defsig_stak_inner.o ABSOLUTE
    ../clib/signal.c                         0x00000000   Number         0  defsig_pvfn_inner.o ABSOLUTE
    ../clib/signal.c                         0x00000000   Number         0  defsig_cppl_inner.o ABSOLUTE
    ../clib/signal.c                         0x00000000   Number         0  defsig_segv_inner.o ABSOLUTE
    ../clib/signal.c                         0x00000000   Number         0  defsig_other.o ABSOLUTE
    ../clib/signal.s                         0x00000000   Number         0  defsig.o ABSOLUTE
    ../clib/stdlib.c                         0x00000000   Number         0  exit.o ABSOLUTE
    ../fplib/cfplib/fpinit.c                 0x00000000   Number         0  fpinit.o ABSOLUTE
    RTE/Device/STM32F091RCTx/startup_stm32f091xc.s 0x00000000   Number         0  startup_stm32f091xc.o ABSOLUTE
    ad.c                                     0x00000000   Number         0  ad.o ABSOLUTE
    buttons.c                                0x00000000   Number         0  buttons.o ABSOLUTE
    dc.s                                     0x00000000   Number         0  dc.o ABSOLUTE
    leds.c                                   0x00000000   Number         0  leds.o ABSOLUTE
    main.c                                   0x00000000   Number         0  main.o ABSOLUTE
    system_stm32f0xx.c                       0x00000000   Number         0  system_stm32f0xx.o ABSOLUTE
    usart2.c                                 0x00000000   Number         0  usart2.o ABSOLUTE
    RESET                                    0x08000000   Section      188  startup_stm32f091xc.o(RESET)
    !!!main                                  0x080000bc   Section        8  __main.o(!!!main)
    !!!scatter                               0x080000c4   Section       60  __scatter.o(!!!scatter)
    !!handler_copy                           0x08000100   Section       26  __scatter_copy.o(!!handler_copy)
    !!handler_zi                             0x0800011c   Section       28  __scatter_zi.o(!!handler_zi)
    .ARM.Collect$$libinit$$00000000          0x08000138   Section        2  libinit.o(.ARM.Collect$$libinit$$00000000)
    .ARM.Collect$$libinit$$00000002          0x0800013a   Section        0  libinit2.o(.ARM.Collect$$libinit$$00000002)
    .ARM.Collect$$libinit$$00000004          0x0800013a   Section        0  libinit2.o(.ARM.Collect$$libinit$$00000004)
    .ARM.Collect$$libinit$$00000006          0x0800013a   Section        0  libinit2.o(.ARM.Collect$$libinit$$00000006)
    .ARM.Collect$$libinit$$0000000C          0x0800013a   Section        0  libinit2.o(.ARM.Collect$$libinit$$0000000C)
    .ARM.Collect$$libinit$$0000000E          0x0800013a   Section        0  libinit2.o(.ARM.Collect$$libinit$$0000000E)
    .ARM.Collect$$libinit$$00000010          0x0800013a   Section        0  libinit2.o(.ARM.Collect$$libinit$$00000010)
    .ARM.Collect$$libinit$$00000013          0x0800013a   Section        0  libinit2.o(.ARM.Collect$$libinit$$00000013)
    .ARM.Collect$$libinit$$00000015          0x0800013a   Section        0  libinit2.o(.ARM.Collect$$libinit$$00000015)
    .ARM.Collect$$libinit$$00000017          0x0800013a   Section        0  libinit2.o(.ARM.Collect$$libinit$$00000017)
    .ARM.Collect$$libinit$$00000019          0x0800013a   Section        0  libinit2.o(.ARM.Collect$$libinit$$00000019)
    .ARM.Collect$$libinit$$0000001B          0x0800013a   Section        0  libinit2.o(.ARM.Collect$$libinit$$0000001B)
    .ARM.Collect$$libinit$$0000001D          0x0800013a   Section        0  libinit2.o(.ARM.Collect$$libinit$$0000001D)
    .ARM.Collect$$libinit$$0000001F          0x0800013a   Section        0  libinit2.o(.ARM.Collect$$libinit$$0000001F)
    .ARM.Collect$$libinit$$00000021          0x0800013a   Section        0  libinit2.o(.ARM.Collect$$libinit$$00000021)
    .ARM.Collect$$libinit$$00000023          0x0800013a   Section        0  libinit2.o(.ARM.Collect$$libinit$$00000023)
    .ARM.Collect$$libinit$$00000025          0x0800013a   Section        0  libinit2.o(.ARM.Collect$$libinit$$00000025)
    .ARM.Collect$$libinit$$00000027          0x0800013a   Section        0  libinit2.o(.ARM.Collect$$libinit$$00000027)
    .ARM.Collect$$libinit$$0000002E          0x0800013a   Section        0  libinit2.o(.ARM.Collect$$libinit$$0000002E)
    .ARM.Collect$$libinit$$00000030          0x0800013a   Section        0  libinit2.o(.ARM.Collect$$libinit$$00000030)
    .ARM.Collect$$libinit$$00000032          0x0800013a   Section        0  libinit2.o(.ARM.Collect$$libinit$$00000032)
    .ARM.Collect$$libinit$$00000034          0x0800013a   Section        0  libinit2.o(.ARM.Collect$$libinit$$00000034)
    .ARM.Collect$$libinit$$00000035          0x0800013a   Section        2  libinit2.o(.ARM.Collect$$libinit$$00000035)
    .ARM.Collect$$libshutdown$$00000000      0x0800013c   Section        2  libshutdown.o(.ARM.Collect$$libshutdown$$00000000)
    .ARM.Collect$$libshutdown$$00000002      0x0800013e   Section        0  libshutdown2.o(.ARM.Collect$$libshutdown$$00000002)
    .ARM.Collect$$libshutdown$$00000004      0x0800013e   Section        0  libshutdown2.o(.ARM.Collect$$libshutdown$$00000004)
    .ARM.Collect$$libshutdown$$00000007      0x0800013e   Section        0  libshutdown2.o(.ARM.Collect$$libshutdown$$00000007)
    .ARM.Collect$$libshutdown$$0000000A      0x0800013e   Section        0  libshutdown2.o(.ARM.Collect$$libshutdown$$0000000A)
    .ARM.Collect$$libshutdown$$0000000C      0x0800013e   Section        0  libshutdown2.o(.ARM.Collect$$libshutdown$$0000000C)
    .ARM.Collect$$libshutdown$$0000000F      0x0800013e   Section        0  libshutdown2.o(.ARM.Collect$$libshutdown$$0000000F)
    .ARM.Collect$$libshutdown$$00000010      0x0800013e   Section        2  libshutdown2.o(.ARM.Collect$$libshutdown$$00000010)
    .ARM.Collect$$rtentry$$00000000          0x08000140   Section        0  __rtentry.o(.ARM.Collect$$rtentry$$00000000)
    .ARM.Collect$$rtentry$$00000002          0x08000140   Section        0  __rtentry2.o(.ARM.Collect$$rtentry$$00000002)
    .ARM.Collect$$rtentry$$00000004          0x08000140   Section        6  __rtentry4.o(.ARM.Collect$$rtentry$$00000004)
    .ARM.Collect$$rtentry$$00000009          0x08000146   Section        0  __rtentry2.o(.ARM.Collect$$rtentry$$00000009)
    .ARM.Collect$$rtentry$$0000000A          0x08000146   Section        4  __rtentry2.o(.ARM.Collect$$rtentry$$0000000A)
    .ARM.Collect$$rtentry$$0000000C          0x0800014a   Section        0  __rtentry2.o(.ARM.Collect$$rtentry$$0000000C)
    .ARM.Collect$$rtentry$$0000000D          0x0800014a   Section        8  __rtentry2.o(.ARM.Collect$$rtentry$$0000000D)
    .ARM.Collect$$rtexit$$00000000           0x08000152   Section        2  rtexit.o(.ARM.Collect$$rtexit$$00000000)
    .ARM.Collect$$rtexit$$00000002           0x08000154   Section        0  rtexit2.o(.ARM.Collect$$rtexit$$00000002)
    .ARM.Collect$$rtexit$$00000003           0x08000154   Section        4  rtexit2.o(.ARM.Collect$$rtexit$$00000003)
    .ARM.Collect$$rtexit$$00000004           0x08000158   Section        6  rtexit2.o(.ARM.Collect$$rtexit$$00000004)
    .text                                    0x08000160   Section       56  startup_stm32f091xc.o(.text)
    .text                                    0x08000198   Section        0  heapauxi.o(.text)
    .text                                    0x0800019e   Section       62  sys_stackheap_outer.o(.text)
    .text                                    0x080001dc   Section        0  exit.o(.text)
    .text                                    0x080001ec   Section        8  libspace.o(.text)
    .text                                    0x080001f4   Section        0  sys_exit.o(.text)
    .text                                    0x08000200   Section        2  use_no_semi.o(.text)
    .text                                    0x08000202   Section        0  indicate_semi.o(.text)
    [Anonymous Symbol]                       0x08000204   Section        0  buttons.o(.text.BovenActive)
    [Anonymous Symbol]                       0x08000214   Section        0  ad.o(.text.GetAdValue)
    [Anonymous Symbol]                       0x08000244   Section        0  ad.o(.text.InitAd)
    __arm_cp.0_0                             0x08000290   Number         4  ad.o(.text.InitAd)
    __arm_cp.0_1                             0x08000294   Number         4  ad.o(.text.InitAd)
    [Anonymous Symbol]                       0x08000298   Section        0  buttons.o(.text.InitButtons)
    __arm_cp.0_1                             0x08000300   Number         4  buttons.o(.text.InitButtons)
    __arm_cp.0_2                             0x08000304   Number         4  buttons.o(.text.InitButtons)
    __arm_cp.0_3                             0x08000308   Number         4  buttons.o(.text.InitButtons)
    [Anonymous Symbol]                       0x0800030c   Section        0  usart2.o(.text.InitUsart2)
    __arm_cp.0_0                             0x08000370   Number         4  usart2.o(.text.InitUsart2)
    __arm_cp.0_2                             0x08000374   Number         4  usart2.o(.text.InitUsart2)
    [Anonymous Symbol]                       0x08000378   Section        0  buttons.o(.text.LinksActive)
    [Anonymous Symbol]                       0x08000388   Section        0  buttons.o(.text.OnderActive)
    __arm_cp.4_0                             0x08000398   Number         4  buttons.o(.text.OnderActive)
    [Anonymous Symbol]                       0x0800039c   Section        0  buttons.o(.text.RechtsActive)
    __arm_cp.6_0                             0x080003ac   Number         4  buttons.o(.text.RechtsActive)
    [Anonymous Symbol]                       0x080003b0   Section        0  usart2.o(.text.StringToUsart2)
    __arm_cp.1_0                             0x080003e8   Number         4  usart2.o(.text.StringToUsart2)
    [Anonymous Symbol]                       0x080003ec   Section        0  main.o(.text.SysTick_Handler)
    [Anonymous Symbol]                       0x080003f8   Section        0  main.o(.text.SystemClock_Config)
    __arm_cp.8_0                             0x08000504   Number         4  main.o(.text.SystemClock_Config)
    __arm_cp.8_1                             0x08000508   Number         4  main.o(.text.SystemClock_Config)
    __arm_cp.8_2                             0x0800050c   Number         4  main.o(.text.SystemClock_Config)
    __arm_cp.8_3                             0x08000510   Number         4  main.o(.text.SystemClock_Config)
    __arm_cp.8_4                             0x08000514   Number         4  main.o(.text.SystemClock_Config)
    __arm_cp.8_5                             0x08000518   Number         4  main.o(.text.SystemClock_Config)
    [Anonymous Symbol]                       0x0800051c   Section        0  system_stm32f0xx.o(.text.SystemCoreClockUpdate)
    __arm_cp.1_0                             0x0800057c   Number         4  system_stm32f0xx.o(.text.SystemCoreClockUpdate)
    __arm_cp.1_1                             0x08000580   Number         4  system_stm32f0xx.o(.text.SystemCoreClockUpdate)
    __arm_cp.1_2                             0x08000584   Number         4  system_stm32f0xx.o(.text.SystemCoreClockUpdate)
    __arm_cp.1_3                             0x08000588   Number         4  system_stm32f0xx.o(.text.SystemCoreClockUpdate)
    __arm_cp.1_4                             0x0800058c   Number         4  system_stm32f0xx.o(.text.SystemCoreClockUpdate)
    [Anonymous Symbol]                       0x08000590   Section        0  system_stm32f0xx.o(.text.SystemInit)
    [Anonymous Symbol]                       0x08000594   Section        0  main.o(.text.joystick)
    __arm_cp.6_1                             0x080006a4   Number         4  main.o(.text.joystick)
    [Anonymous Symbol]                       0x080006b4   Section        0  main.o(.text.main)
    __arm_cp.7_28                            0x0800070c   Number         4  main.o(.text.main)
    __arm_cp.7_29                            0x08000710   Number         4  main.o(.text.main)
    __arm_cp.7_30                            0x08000714   Number         4  main.o(.text.main)
    __arm_cp.7_32                            0x08000724   Number         4  main.o(.text.main)
    __arm_cp.7_34                            0x08000af0   Number         4  main.o(.text.main)
    __arm_cp.7_35                            0x08000af4   Number         4  main.o(.text.main)
    __arm_cp.7_36                            0x08000af8   Number         4  main.o(.text.main)
    __arm_cp.7_37                            0x08000afc   Number         4  main.o(.text.main)
    __arm_cp.7_38                            0x08000b00   Number         4  main.o(.text.main)
    __arm_cp.7_39                            0x08000b04   Number         4  main.o(.text.main)
    __arm_cp.7_40                            0x08000b08   Number         4  main.o(.text.main)
    __arm_cp.7_41                            0x08000b0c   Number         4  main.o(.text.main)
    __arm_cp.7_42                            0x08000b10   Number         4  main.o(.text.main)
    __arm_cp.7_43                            0x08000b14   Number         4  main.o(.text.main)
    __arm_cp.7_44                            0x08000b18   Number         4  main.o(.text.main)
    __arm_cp.7_5                             0x08000cc4   Number         4  main.o(.text.main)
    __arm_cp.7_9                             0x08000cc8   Number         4  main.o(.text.main)
    __arm_cp.7_18                            0x08000ccc   Number         4  main.o(.text.main)
    __arm_cp.7_19                            0x08000cd0   Number         4  main.o(.text.main)
    __arm_cp.7_20                            0x08000cd4   Number         4  main.o(.text.main)
    __arm_cp.7_21                            0x08000cd8   Number         4  main.o(.text.main)
    __arm_cp.7_22                            0x08000cdc   Number         4  main.o(.text.main)
    __arm_cp.7_23                            0x08000ce0   Number         4  main.o(.text.main)
    __arm_cp.7_24                            0x08000ce4   Number         4  main.o(.text.main)
    __arm_cp.7_25                            0x08000ce8   Number         4  main.o(.text.main)
    __arm_cp.7_26                            0x08000cec   Number         4  main.o(.text.main)
    __arm_cp.7_27                            0x08000cf0   Number         4  main.o(.text.main)
    [Anonymous Symbol]                       0x08000cf4   Section        0  main.o(.text.scanMatrix)
    __arm_cp.3_0                             0x08000ebc   Number         4  main.o(.text.scanMatrix)
    __arm_cp.3_1                             0x08000ec0   Number         4  main.o(.text.scanMatrix)
    __arm_cp.3_2                             0x08000ec4   Number         4  main.o(.text.scanMatrix)
    __arm_cp.3_4                             0x08000ed4   Number         4  main.o(.text.scanMatrix)
    __arm_cp.3_5                             0x08000ed8   Number         4  main.o(.text.scanMatrix)
    __arm_cp.3_6                             0x08000edc   Number         4  main.o(.text.scanMatrix)
    __arm_cp.3_7                             0x08000ee0   Number         4  main.o(.text.scanMatrix)
    __arm_cp.3_8                             0x08000ee4   Number         4  main.o(.text.scanMatrix)
    __arm_cp.3_9                             0x08000ee8   Number         4  main.o(.text.scanMatrix)
    __arm_cp.3_10                            0x08000eec   Number         4  main.o(.text.scanMatrix)
    __arm_cp.3_11                            0x08000ef0   Number         4  main.o(.text.scanMatrix)
    __arm_cp.3_12                            0x08000ef4   Number         4  main.o(.text.scanMatrix)
    __arm_cp.3_13                            0x08000ef8   Number         4  main.o(.text.scanMatrix)
    __arm_cp.3_14                            0x08000efc   Number         4  main.o(.text.scanMatrix)
    .text_divfast                            0x08000f00   Section      502  aeabi_sdivfast.o(.text_divfast)
    [Anonymous Symbol]                       0x080010f8   Section        0  main.o(.rodata..L__const.scanMatrix.inputs)
    [Anonymous Symbol]                       0x08001104   Section        0  main.o(.rodata..Lswitch.table.main)
    [Anonymous Symbol]                       0x08001140   Section        0  main.o(.rodata.str1.1)
    .bss                                     0x20000008   Section       96  libspace.o(.bss)
    [Anonymous Symbol]                       0x20000068   Section        0  main.o(.bss..L_MergedGlobals)
    ticks                                    0x20000078   Data           4  main.o(.bss..L_MergedGlobals)
    Heap_Mem                                 0x20000080   Data         512  startup_stm32f091xc.o(HEAP)
    HEAP                                     0x20000080   Section      512  startup_stm32f091xc.o(HEAP)
    Stack_Mem                                0x20000280   Data        1024  startup_stm32f091xc.o(STACK)
    STACK                                    0x20000280   Section     1024  startup_stm32f091xc.o(STACK)
    __initial_sp                             0x20000680   Data           0  startup_stm32f091xc.o(STACK)

    Global Symbols

    Symbol Name                              Value     Ov Type        Size  Object(Section)

    BuildAttributes$$THM_ISAv3M$S$PE$A:L22$X:L11$S22$IEEE1$IW$~IW$USESV6$~STKCKD$USESV7$~SHL$OTIME$ROPI$EBA8$UX$STANDARDLIB$REQ8$PRES8$EABIv2 0x00000000   Number         0  anon$$obj.o ABSOLUTE
    __ARM_exceptions_init                     - Undefined Weak Reference
    __alloca_initialize                       - Undefined Weak Reference
    __arm_preinit_                            - Undefined Weak Reference
    __arm_relocate_pie_                       - Undefined Weak Reference
    __cpp_initialize__aeabi_                  - Undefined Weak Reference
    __cxa_finalize                            - Undefined Weak Reference
    __rt_locale                               - Undefined Weak Reference
    __sigvec_lookup                           - Undefined Weak Reference
    _atexit_init                              - Undefined Weak Reference
    _call_atexit_fns                          - Undefined Weak Reference
    _clock_init                               - Undefined Weak Reference
    _fp_trap_init                             - Undefined Weak Reference
    _fp_trap_shutdown                         - Undefined Weak Reference
    _get_lc_collate                           - Undefined Weak Reference
    _get_lc_ctype                             - Undefined Weak Reference
    _get_lc_monetary                          - Undefined Weak Reference
    _get_lc_numeric                           - Undefined Weak Reference
    _get_lc_time                              - Undefined Weak Reference
    _getenv_init                              - Undefined Weak Reference
    _handle_redirection                       - Undefined Weak Reference
    _init_alloc                               - Undefined Weak Reference
    _init_user_alloc                          - Undefined Weak Reference
    _initio                                   - Undefined Weak Reference
    _rand_init                                - Undefined Weak Reference
    _signal_finish                            - Undefined Weak Reference
    _signal_init                              - Undefined Weak Reference
    _terminate_alloc                          - Undefined Weak Reference
    _terminate_user_alloc                     - Undefined Weak Reference
    _terminateio                              - Undefined Weak Reference
    __Vectors_Size                           0x000000bc   Number         0  startup_stm32f091xc.o ABSOLUTE
    __Vectors                                0x08000000   Data           4  startup_stm32f091xc.o(RESET)
    __Vectors_End                            0x080000bc   Data           0  startup_stm32f091xc.o(RESET)
    __main                                   0x080000bd   Thumb Code     8  __main.o(!!!main)
    __scatterload                            0x080000c5   Thumb Code     0  __scatter.o(!!!scatter)
    __scatterload_rt2                        0x080000c5   Thumb Code    52  __scatter.o(!!!scatter)
    __scatterload_rt2_thumb_only             0x080000c5   Thumb Code     0  __scatter.o(!!!scatter)
    __scatterload_null                       0x080000d5   Thumb Code     0  __scatter.o(!!!scatter)
    __scatterload_copy                       0x08000101   Thumb Code    26  __scatter_copy.o(!!handler_copy)
    __scatterload_zeroinit                   0x0800011d   Thumb Code    28  __scatter_zi.o(!!handler_zi)
    __rt_lib_init                            0x08000139   Thumb Code     0  libinit.o(.ARM.Collect$$libinit$$00000000)
    __rt_lib_init_alloca_1                   0x0800013b   Thumb Code     0  libinit2.o(.ARM.Collect$$libinit$$00000030)
    __rt_lib_init_argv_1                     0x0800013b   Thumb Code     0  libinit2.o(.ARM.Collect$$libinit$$0000002E)
    __rt_lib_init_atexit_1                   0x0800013b   Thumb Code     0  libinit2.o(.ARM.Collect$$libinit$$0000001D)
    __rt_lib_init_clock_1                    0x0800013b   Thumb Code     0  libinit2.o(.ARM.Collect$$libinit$$00000023)
    __rt_lib_init_cpp_1                      0x0800013b   Thumb Code     0  libinit2.o(.ARM.Collect$$libinit$$00000034)
    __rt_lib_init_exceptions_1               0x0800013b   Thumb Code     0  libinit2.o(.ARM.Collect$$libinit$$00000032)
    __rt_lib_init_fp_1                       0x0800013b   Thumb Code     0  libinit2.o(.ARM.Collect$$libinit$$00000002)
    __rt_lib_init_fp_trap_1                  0x0800013b   Thumb Code     0  libinit2.o(.ARM.Collect$$libinit$$00000021)
    __rt_lib_init_getenv_1                   0x0800013b   Thumb Code     0  libinit2.o(.ARM.Collect$$libinit$$00000025)
    __rt_lib_init_heap_1                     0x0800013b   Thumb Code     0  libinit2.o(.ARM.Collect$$libinit$$0000000C)
    __rt_lib_init_lc_collate_1               0x0800013b   Thumb Code     0  libinit2.o(.ARM.Collect$$libinit$$00000013)
    __rt_lib_init_lc_ctype_1                 0x0800013b   Thumb Code     0  libinit2.o(.ARM.Collect$$libinit$$00000015)
    __rt_lib_init_lc_monetary_1              0x0800013b   Thumb Code     0  libinit2.o(.ARM.Collect$$libinit$$00000017)
    __rt_lib_init_lc_numeric_1               0x0800013b   Thumb Code     0  libinit2.o(.ARM.Collect$$libinit$$00000019)
    __rt_lib_init_lc_time_1                  0x0800013b   Thumb Code     0  libinit2.o(.ARM.Collect$$libinit$$0000001B)
    __rt_lib_init_preinit_1                  0x0800013b   Thumb Code     0  libinit2.o(.ARM.Collect$$libinit$$00000006)
    __rt_lib_init_rand_1                     0x0800013b   Thumb Code     0  libinit2.o(.ARM.Collect$$libinit$$00000010)
    __rt_lib_init_relocate_pie_1             0x0800013b   Thumb Code     0  libinit2.o(.ARM.Collect$$libinit$$00000004)
    __rt_lib_init_return                     0x0800013b   Thumb Code     0  libinit2.o(.ARM.Collect$$libinit$$00000035)
    __rt_lib_init_signal_1                   0x0800013b   Thumb Code     0  libinit2.o(.ARM.Collect$$libinit$$0000001F)
    __rt_lib_init_stdio_1                    0x0800013b   Thumb Code     0  libinit2.o(.ARM.Collect$$libinit$$00000027)
    __rt_lib_init_user_alloc_1               0x0800013b   Thumb Code     0  libinit2.o(.ARM.Collect$$libinit$$0000000E)
    __rt_lib_shutdown                        0x0800013d   Thumb Code     0  libshutdown.o(.ARM.Collect$$libshutdown$$00000000)
    __rt_lib_shutdown_cpp_1                  0x0800013f   Thumb Code     0  libshutdown2.o(.ARM.Collect$$libshutdown$$00000002)
    __rt_lib_shutdown_fp_trap_1              0x0800013f   Thumb Code     0  libshutdown2.o(.ARM.Collect$$libshutdown$$00000007)
    __rt_lib_shutdown_heap_1                 0x0800013f   Thumb Code     0  libshutdown2.o(.ARM.Collect$$libshutdown$$0000000F)
    __rt_lib_shutdown_return                 0x0800013f   Thumb Code     0  libshutdown2.o(.ARM.Collect$$libshutdown$$00000010)
    __rt_lib_shutdown_signal_1               0x0800013f   Thumb Code     0  libshutdown2.o(.ARM.Collect$$libshutdown$$0000000A)
    __rt_lib_shutdown_stdio_1                0x0800013f   Thumb Code     0  libshutdown2.o(.ARM.Collect$$libshutdown$$00000004)
    __rt_lib_shutdown_user_alloc_1           0x0800013f   Thumb Code     0  libshutdown2.o(.ARM.Collect$$libshutdown$$0000000C)
    __rt_entry                               0x08000141   Thumb Code     0  __rtentry.o(.ARM.Collect$$rtentry$$00000000)
    __rt_entry_presh_1                       0x08000141   Thumb Code     0  __rtentry2.o(.ARM.Collect$$rtentry$$00000002)
    __rt_entry_sh                            0x08000141   Thumb Code     0  __rtentry4.o(.ARM.Collect$$rtentry$$00000004)
    __rt_entry_li                            0x08000147   Thumb Code     0  __rtentry2.o(.ARM.Collect$$rtentry$$0000000A)
    __rt_entry_postsh_1                      0x08000147   Thumb Code     0  __rtentry2.o(.ARM.Collect$$rtentry$$00000009)
    __rt_entry_main                          0x0800014b   Thumb Code     0  __rtentry2.o(.ARM.Collect$$rtentry$$0000000D)
    __rt_entry_postli_1                      0x0800014b   Thumb Code     0  __rtentry2.o(.ARM.Collect$$rtentry$$0000000C)
    __rt_exit                                0x08000153   Thumb Code     0  rtexit.o(.ARM.Collect$$rtexit$$00000000)
    __rt_exit_ls                             0x08000155   Thumb Code     0  rtexit2.o(.ARM.Collect$$rtexit$$00000003)
    __rt_exit_prels_1                        0x08000155   Thumb Code     0  rtexit2.o(.ARM.Collect$$rtexit$$00000002)
    __rt_exit_exit                           0x08000159   Thumb Code     0  rtexit2.o(.ARM.Collect$$rtexit$$00000004)
    Reset_Handler                            0x08000161   Thumb Code     8  startup_stm32f091xc.o(.text)
    NMI_Handler                              0x08000169   Thumb Code     2  startup_stm32f091xc.o(.text)
    HardFault_Handler                        0x0800016b   Thumb Code     2  startup_stm32f091xc.o(.text)
    SVC_Handler                              0x0800016d   Thumb Code     2  startup_stm32f091xc.o(.text)
    PendSV_Handler                           0x0800016f   Thumb Code     2  startup_stm32f091xc.o(.text)
    ADC1_COMP_IRQHandler                     0x08000173   Thumb Code     0  startup_stm32f091xc.o(.text)
    CEC_CAN_IRQHandler                       0x08000173   Thumb Code     0  startup_stm32f091xc.o(.text)
    DMA1_Ch1_IRQHandler                      0x08000173   Thumb Code     0  startup_stm32f091xc.o(.text)
    DMA1_Ch2_3_DMA2_Ch1_2_IRQHandler         0x08000173   Thumb Code     0  startup_stm32f091xc.o(.text)
    DMA1_Ch4_7_DMA2_Ch3_5_IRQHandler         0x08000173   Thumb Code     0  startup_stm32f091xc.o(.text)
    EXTI0_1_IRQHandler                       0x08000173   Thumb Code     0  startup_stm32f091xc.o(.text)
    EXTI2_3_IRQHandler                       0x08000173   Thumb Code     0  startup_stm32f091xc.o(.text)
    EXTI4_15_IRQHandler                      0x08000173   Thumb Code     0  startup_stm32f091xc.o(.text)
    FLASH_IRQHandler                         0x08000173   Thumb Code     0  startup_stm32f091xc.o(.text)
    I2C1_IRQHandler                          0x08000173   Thumb Code     0  startup_stm32f091xc.o(.text)
    I2C2_IRQHandler                          0x08000173   Thumb Code     0  startup_stm32f091xc.o(.text)
    PVD_VDDIO2_IRQHandler                    0x08000173   Thumb Code     0  startup_stm32f091xc.o(.text)
    RCC_CRS_IRQHandler                       0x08000173   Thumb Code     0  startup_stm32f091xc.o(.text)
    RTC_IRQHandler                           0x08000173   Thumb Code     0  startup_stm32f091xc.o(.text)
    SPI1_IRQHandler                          0x08000173   Thumb Code     0  startup_stm32f091xc.o(.text)
    SPI2_IRQHandler                          0x08000173   Thumb Code     0  startup_stm32f091xc.o(.text)
    TIM14_IRQHandler                         0x08000173   Thumb Code     0  startup_stm32f091xc.o(.text)
    TIM15_IRQHandler                         0x08000173   Thumb Code     0  startup_stm32f091xc.o(.text)
    TIM16_IRQHandler                         0x08000173   Thumb Code     0  startup_stm32f091xc.o(.text)
    TIM17_IRQHandler                         0x08000173   Thumb Code     0  startup_stm32f091xc.o(.text)
    TIM1_BRK_UP_TRG_COM_IRQHandler           0x08000173   Thumb Code     0  startup_stm32f091xc.o(.text)
    TIM1_CC_IRQHandler                       0x08000173   Thumb Code     0  startup_stm32f091xc.o(.text)
    TIM2_IRQHandler                          0x08000173   Thumb Code     0  startup_stm32f091xc.o(.text)
    TIM3_IRQHandler                          0x08000173   Thumb Code     0  startup_stm32f091xc.o(.text)
    TIM6_DAC_IRQHandler                      0x08000173   Thumb Code     0  startup_stm32f091xc.o(.text)
    TIM7_IRQHandler                          0x08000173   Thumb Code     0  startup_stm32f091xc.o(.text)
    TSC_IRQHandler                           0x08000173   Thumb Code     0  startup_stm32f091xc.o(.text)
    USART1_IRQHandler                        0x08000173   Thumb Code     0  startup_stm32f091xc.o(.text)
    USART2_IRQHandler                        0x08000173   Thumb Code     0  startup_stm32f091xc.o(.text)
    USART3_8_IRQHandler                      0x08000173   Thumb Code     0  startup_stm32f091xc.o(.text)
    WWDG_IRQHandler                          0x08000173   Thumb Code     0  startup_stm32f091xc.o(.text)
    __user_initial_stackheap                 0x08000175   Thumb Code     0  startup_stm32f091xc.o(.text)
    __use_two_region_memory                  0x08000199   Thumb Code     2  heapauxi.o(.text)
    __rt_heap_escrow$2region                 0x0800019b   Thumb Code     2  heapauxi.o(.text)
    __rt_heap_expand$2region                 0x0800019d   Thumb Code     2  heapauxi.o(.text)
    __user_setup_stackheap                   0x0800019f   Thumb Code    62  sys_stackheap_outer.o(.text)
    exit                                     0x080001dd   Thumb Code    16  exit.o(.text)
    __user_libspace                          0x080001ed   Thumb Code     8  libspace.o(.text)
    __user_perproc_libspace                  0x080001ed   Thumb Code     0  libspace.o(.text)
    __user_perthread_libspace                0x080001ed   Thumb Code     0  libspace.o(.text)
    _sys_exit                                0x080001f5   Thumb Code     8  sys_exit.o(.text)
    __I$use$semihosting                      0x08000201   Thumb Code     0  use_no_semi.o(.text)
    __use_no_semihosting_swi                 0x08000201   Thumb Code     2  use_no_semi.o(.text)
    __semihosting_library_function           0x08000203   Thumb Code     0  indicate_semi.o(.text)
    BovenActive                              0x08000205   Thumb Code    16  buttons.o(.text.BovenActive)
    GetAdValue                               0x08000215   Thumb Code    48  ad.o(.text.GetAdValue)
    InitAd                                   0x08000245   Thumb Code    76  ad.o(.text.InitAd)
    InitButtons                              0x08000299   Thumb Code   104  buttons.o(.text.InitButtons)
    InitUsart2                               0x0800030d   Thumb Code   100  usart2.o(.text.InitUsart2)
    LinksActive                              0x08000379   Thumb Code    16  buttons.o(.text.LinksActive)
    OnderActive                              0x08000389   Thumb Code    16  buttons.o(.text.OnderActive)
    RechtsActive                             0x0800039d   Thumb Code    16  buttons.o(.text.RechtsActive)
    StringToUsart2                           0x080003b1   Thumb Code    56  usart2.o(.text.StringToUsart2)
    SysTick_Handler                          0x080003ed   Thumb Code    12  main.o(.text.SysTick_Handler)
    SystemClock_Config                       0x080003f9   Thumb Code   268  main.o(.text.SystemClock_Config)
    SystemCoreClockUpdate                    0x0800051d   Thumb Code    96  system_stm32f0xx.o(.text.SystemCoreClockUpdate)
    SystemInit                               0x08000591   Thumb Code     2  system_stm32f0xx.o(.text.SystemInit)
    joystick                                 0x08000595   Thumb Code   268  main.o(.text.joystick)
    main                                     0x080006b5   Thumb Code  1552  main.o(.text.main)
    scanMatrix                               0x08000cf5   Thumb Code   456  main.o(.text.scanMatrix)
    __aeabi_uidiv                            0x08000f01   Thumb Code    68  aeabi_sdivfast.o(.text_divfast)
    __aeabi_idiv                             0x08000f45   Thumb Code   434  aeabi_sdivfast.o(.text_divfast)
    AHBPrescTable                            0x08001130   Data          16  system_stm32f0xx.o(.rodata.AHBPrescTable)
    Region$$Table$$Base                      0x080011b0   Number         0  anon$$obj.o(Region$$Table)
    Region$$Table$$Limit                     0x080011d0   Number         0  anon$$obj.o(Region$$Table)
    SystemCoreClock                          0x20000000   Data           4  system_stm32f0xx.o(.data.SystemCoreClock)
    outputValueVorige                        0x20000004   Data           4  main.o(.data.outputValueVorige)
    __libspace_start                         0x20000008   Data          96  libspace.o(.bss)
    __temporary_stack_top$libspace           0x20000068   Data           0  libspace.o(.bss)
    druk                                     0x20000068   Data           1  main.o(.bss..L_MergedGlobals)
    yur                                      0x2000006c   Data           4  main.o(.bss..L_MergedGlobals)
    outputValue                              0x20000070   Data           4  main.o(.bss..L_MergedGlobals)
    FirstRun                                 0x20000074   Data           4  main.o(.bss..L_MergedGlobals)



==============================================================================

Memory Map of the image

  Image Entry point : 0x08000161

  Load Region LR_1 (Base: 0x08000000, Size: 0x000011d8, Max: 0xffffffff, ABSOLUTE)

    Execution Region ER_RO (Exec base: 0x08000000, Load base: 0x08000000, Size: 0x000011d0, Max: 0xffffffff, ABSOLUTE)

    Exec Addr    Load Addr    Size         Type   Attr      Idx    E Section Name        Object

    0x08000000   0x08000000   0x000000bc   Data   RO          109    RESET               startup_stm32f091xc.o
    0x080000bc   0x080000bc   0x00000008   Code   RO          143  * !!!main             c_p.l(__main.o)
    0x080000c4   0x080000c4   0x0000003c   Code   RO          320    !!!scatter          c_p.l(__scatter.o)
    0x08000100   0x08000100   0x0000001a   Code   RO          322    !!handler_copy      c_p.l(__scatter_copy.o)
    0x0800011a   0x0800011a   0x00000002   PAD
    0x0800011c   0x0800011c   0x0000001c   Code   RO          324    !!handler_zi        c_p.l(__scatter_zi.o)
    0x08000138   0x08000138   0x00000002   Code   RO          181    .ARM.Collect$$libinit$$00000000  c_p.l(libinit.o)
    0x0800013a   0x0800013a   0x00000000   Code   RO          195    .ARM.Collect$$libinit$$00000002  c_p.l(libinit2.o)
    0x0800013a   0x0800013a   0x00000000   Code   RO          197    .ARM.Collect$$libinit$$00000004  c_p.l(libinit2.o)
    0x0800013a   0x0800013a   0x00000000   Code   RO          199    .ARM.Collect$$libinit$$00000006  c_p.l(libinit2.o)
    0x0800013a   0x0800013a   0x00000000   Code   RO          202    .ARM.Collect$$libinit$$0000000C  c_p.l(libinit2.o)
    0x0800013a   0x0800013a   0x00000000   Code   RO          204    .ARM.Collect$$libinit$$0000000E  c_p.l(libinit2.o)
    0x0800013a   0x0800013a   0x00000000   Code   RO          206    .ARM.Collect$$libinit$$00000010  c_p.l(libinit2.o)
    0x0800013a   0x0800013a   0x00000000   Code   RO          209    .ARM.Collect$$libinit$$00000013  c_p.l(libinit2.o)
    0x0800013a   0x0800013a   0x00000000   Code   RO          211    .ARM.Collect$$libinit$$00000015  c_p.l(libinit2.o)
    0x0800013a   0x0800013a   0x00000000   Code   RO          213    .ARM.Collect$$libinit$$00000017  c_p.l(libinit2.o)
    0x0800013a   0x0800013a   0x00000000   Code   RO          215    .ARM.Collect$$libinit$$00000019  c_p.l(libinit2.o)
    0x0800013a   0x0800013a   0x00000000   Code   RO          217    .ARM.Collect$$libinit$$0000001B  c_p.l(libinit2.o)
    0x0800013a   0x0800013a   0x00000000   Code   RO          219    .ARM.Collect$$libinit$$0000001D  c_p.l(libinit2.o)
    0x0800013a   0x0800013a   0x00000000   Code   RO          221    .ARM.Collect$$libinit$$0000001F  c_p.l(libinit2.o)
    0x0800013a   0x0800013a   0x00000000   Code   RO          223    .ARM.Collect$$libinit$$00000021  c_p.l(libinit2.o)
    0x0800013a   0x0800013a   0x00000000   Code   RO          225    .ARM.Collect$$libinit$$00000023  c_p.l(libinit2.o)
    0x0800013a   0x0800013a   0x00000000   Code   RO          227    .ARM.Collect$$libinit$$00000025  c_p.l(libinit2.o)
    0x0800013a   0x0800013a   0x00000000   Code   RO          229    .ARM.Collect$$libinit$$00000027  c_p.l(libinit2.o)
    0x0800013a   0x0800013a   0x00000000   Code   RO          233    .ARM.Collect$$libinit$$0000002E  c_p.l(libinit2.o)
    0x0800013a   0x0800013a   0x00000000   Code   RO          235    .ARM.Collect$$libinit$$00000030  c_p.l(libinit2.o)
    0x0800013a   0x0800013a   0x00000000   Code   RO          237    .ARM.Collect$$libinit$$00000032  c_p.l(libinit2.o)
    0x0800013a   0x0800013a   0x00000000   Code   RO          239    .ARM.Collect$$libinit$$00000034  c_p.l(libinit2.o)
    0x0800013a   0x0800013a   0x00000002   Code   RO          240    .ARM.Collect$$libinit$$00000035  c_p.l(libinit2.o)
    0x0800013c   0x0800013c   0x00000002   Code   RO          275    .ARM.Collect$$libshutdown$$00000000  c_p.l(libshutdown.o)
    0x0800013e   0x0800013e   0x00000000   Code   RO          303    .ARM.Collect$$libshutdown$$00000002  c_p.l(libshutdown2.o)
    0x0800013e   0x0800013e   0x00000000   Code   RO          305    .ARM.Collect$$libshutdown$$00000004  c_p.l(libshutdown2.o)
    0x0800013e   0x0800013e   0x00000000   Code   RO          308    .ARM.Collect$$libshutdown$$00000007  c_p.l(libshutdown2.o)
    0x0800013e   0x0800013e   0x00000000   Code   RO          311    .ARM.Collect$$libshutdown$$0000000A  c_p.l(libshutdown2.o)
    0x0800013e   0x0800013e   0x00000000   Code   RO          313    .ARM.Collect$$libshutdown$$0000000C  c_p.l(libshutdown2.o)
    0x0800013e   0x0800013e   0x00000000   Code   RO          316    .ARM.Collect$$libshutdown$$0000000F  c_p.l(libshutdown2.o)
    0x0800013e   0x0800013e   0x00000002   Code   RO          317    .ARM.Collect$$libshutdown$$00000010  c_p.l(libshutdown2.o)
    0x08000140   0x08000140   0x00000000   Code   RO          145    .ARM.Collect$$rtentry$$00000000  c_p.l(__rtentry.o)
    0x08000140   0x08000140   0x00000000   Code   RO          151    .ARM.Collect$$rtentry$$00000002  c_p.l(__rtentry2.o)
    0x08000140   0x08000140   0x00000006   Code   RO          163    .ARM.Collect$$rtentry$$00000004  c_p.l(__rtentry4.o)
    0x08000146   0x08000146   0x00000000   Code   RO          153    .ARM.Collect$$rtentry$$00000009  c_p.l(__rtentry2.o)
    0x08000146   0x08000146   0x00000004   Code   RO          154    .ARM.Collect$$rtentry$$0000000A  c_p.l(__rtentry2.o)
    0x0800014a   0x0800014a   0x00000000   Code   RO          156    .ARM.Collect$$rtentry$$0000000C  c_p.l(__rtentry2.o)
    0x0800014a   0x0800014a   0x00000008   Code   RO          157    .ARM.Collect$$rtentry$$0000000D  c_p.l(__rtentry2.o)
    0x08000152   0x08000152   0x00000002   Code   RO          186    .ARM.Collect$$rtexit$$00000000  c_p.l(rtexit.o)
    0x08000154   0x08000154   0x00000000   Code   RO          246    .ARM.Collect$$rtexit$$00000002  c_p.l(rtexit2.o)
    0x08000154   0x08000154   0x00000004   Code   RO          247    .ARM.Collect$$rtexit$$00000003  c_p.l(rtexit2.o)
    0x08000158   0x08000158   0x00000006   Code   RO          248    .ARM.Collect$$rtexit$$00000004  c_p.l(rtexit2.o)
    0x0800015e   0x0800015e   0x00000002   PAD
    0x08000160   0x08000160   0x00000038   Code   RO          110  * .text               startup_stm32f091xc.o
    0x08000198   0x08000198   0x00000006   Code   RO          141    .text               c_p.l(heapauxi.o)
    0x0800019e   0x0800019e   0x0000003e   Code   RO          167    .text               c_p.l(sys_stackheap_outer.o)
    0x080001dc   0x080001dc   0x00000010   Code   RO          170    .text               c_p.l(exit.o)
    0x080001ec   0x080001ec   0x00000008   Code   RO          182    .text               c_p.l(libspace.o)
    0x080001f4   0x080001f4   0x0000000c   Code   RO          241    .text               c_p.l(sys_exit.o)
    0x08000200   0x08000200   0x00000002   Code   RO          264    .text               c_p.l(use_no_semi.o)
    0x08000202   0x08000202   0x00000000   Code   RO          266    .text               c_p.l(indicate_semi.o)
    0x08000202   0x08000202   0x00000002   PAD
    0x08000204   0x08000204   0x00000010   Code   RO           20    .text.BovenActive   buttons.o
    0x08000214   0x08000214   0x00000030   Code   RO            4    .text.GetAdValue    ad.o
    0x08000244   0x08000244   0x00000054   Code   RO            2    .text.InitAd        ad.o
    0x08000298   0x08000298   0x00000074   Code   RO           14    .text.InitButtons   buttons.o
    0x0800030c   0x0800030c   0x0000006c   Code   RO           89    .text.InitUsart2    usart2.o
    0x08000378   0x08000378   0x00000010   Code   RO           24    .text.LinksActive   buttons.o
    0x08000388   0x08000388   0x00000014   Code   RO           22    .text.OnderActive   buttons.o
    0x0800039c   0x0800039c   0x00000014   Code   RO           26    .text.RechtsActive  buttons.o
    0x080003b0   0x080003b0   0x0000003c   Code   RO           91    .text.StringToUsart2  usart2.o
    0x080003ec   0x080003ec   0x0000000c   Code   RO           73    .text.SysTick_Handler  main.o
    0x080003f8   0x080003f8   0x00000124   Code   RO           69    .text.SystemClock_Config  main.o
    0x0800051c   0x0800051c   0x00000074   Code   RO          119    .text.SystemCoreClockUpdate  system_stm32f0xx.o
    0x08000590   0x08000590   0x00000002   Code   RO          117    .text.SystemInit    system_stm32f0xx.o
    0x08000592   0x08000592   0x00000002   PAD
    0x08000594   0x08000594   0x00000120   Code   RO           65    .text.joystick      main.o
    0x080006b4   0x080006b4   0x00000640   Code   RO           67    .text.main          main.o
    0x08000cf4   0x08000cf4   0x0000020c   Code   RO           59    .text.scanMatrix    main.o
    0x08000f00   0x08000f00   0x000001f6   Code   RO          134    .text_divfast       c_p.l(aeabi_sdivfast.o)
    0x080010f6   0x080010f6   0x00000002   PAD
    0x080010f8   0x080010f8   0x0000000c   Data   RO           77    .rodata..L__const.scanMatrix.inputs  main.o
    0x08001104   0x08001104   0x0000002c   Data   RO           79    .rodata..Lswitch.table.main  main.o
    0x08001130   0x08001130   0x00000010   Data   RO          122    .rodata.AHBPrescTable  system_stm32f0xx.o
    0x08001140   0x08001140   0x00000070   Data   RO           76    .rodata.str1.1      main.o
    0x080011b0   0x080011b0   0x00000020   Data   RO          319    Region$$Table       anon$$obj.o


    Execution Region ER_RW (Exec base: 0x20000000, Load base: 0x080011d0, Size: 0x00000008, Max: 0xffffffff, ABSOLUTE)

    Exec Addr    Load Addr    Size         Type   Attr      Idx    E Section Name        Object

    0x20000000   0x080011d0   0x00000004   Data   RW          121    .data.SystemCoreClock  system_stm32f0xx.o
    0x20000004   0x080011d4   0x00000004   Data   RW           75    .data.outputValueVorige  main.o


    Execution Region ER_ZI (Exec base: 0x20000008, Load base: 0x080011d8, Size: 0x00000678, Max: 0xffffffff, ABSOLUTE)

    Exec Addr    Load Addr    Size         Type   Attr      Idx    E Section Name        Object

    0x20000008        -       0x00000060   Zero   RW          183    .bss                c_p.l(libspace.o)
    0x20000068        -       0x00000014   Zero   RW           80    .bss..L_MergedGlobals  main.o
    0x2000007c   0x080011d8   0x00000004   PAD
    0x20000080        -       0x00000200   Zero   RW          108    HEAP                startup_stm32f091xc.o
    0x20000280        -       0x00000400   Zero   RW          107    STACK               startup_stm32f091xc.o


==============================================================================

Image component sizes


      Code (inc. data)   RO Data    RW Data    ZI Data      Debug   Object Name

       132          8          0          0          0       1866   ad.o
       188         20          0          0          0       1983   buttons.o
      2716        240        168          4         20      11565   main.o
        56         26        188          0       1536        716   startup_stm32f091xc.o
       118         20         16          4          0       1855   system_stm32f0xx.o
       168         12          0          0          0       2720   usart2.o

    ----------------------------------------------------------------------
      3380        326        404          8       1560      20705   Object Totals
         0          0         32          0          0          0   (incl. Generated)
         2          0          0          0          4          0   (incl. Padding)

    ----------------------------------------------------------------------

      Code (inc. data)   RO Data    RW Data    ZI Data      Debug   Library Member Name

         8          0          0          0          0         68   __main.o
         0          0          0          0          0          0   __rtentry.o
        12          0          0          0          0          0   __rtentry2.o
         6          0          0          0          0          0   __rtentry4.o
        60          8          0          0          0          0   __scatter.o
        26          0          0          0          0          0   __scatter_copy.o
        28          0          0          0          0          0   __scatter_zi.o
       502          0          0          0          0         92   aeabi_sdivfast.o
        16          0          0          0          0         68   exit.o
         6          0          0          0          0        136   heapauxi.o
         0          0          0          0          0          0   indicate_semi.o
         2          0          0          0          0          0   libinit.o
         2          0          0          0          0          0   libinit2.o
         2          0          0          0          0          0   libshutdown.o
         2          0          0          0          0          0   libshutdown2.o
         8          4          0          0         96         68   libspace.o
         2          0          0          0          0          0   rtexit.o
        10          0          0          0          0          0   rtexit2.o
        12          4          0          0          0         60   sys_exit.o
        62          0          0          0          0         80   sys_stackheap_outer.o
         2          0          0          0          0         68   use_no_semi.o

    ----------------------------------------------------------------------
       776         16          0          0         96        640   Library Totals
         8          0          0          0          0          0   (incl. Padding)

    ----------------------------------------------------------------------

      Code (inc. data)   RO Data    RW Data    ZI Data      Debug   Library Name

       768         16          0          0         96        640   c_p.l

    ----------------------------------------------------------------------
       776         16          0          0         96        640   Library Totals

    ----------------------------------------------------------------------

==============================================================================


      Code (inc. data)   RO Data    RW Data    ZI Data      Debug   

      4156        342        404          8       1656      21121   Grand Totals
      4156        342        404          8       1656      21121   ELF Image Totals
      4156        342        404          8          0          0   ROM Totals

==============================================================================

    Total RO  Size (Code + RO Data)                 4560 (   4.45kB)
    Total RW  Size (RW Data + ZI Data)              1664 (   1.62kB)
    Total ROM Size (Code + RO Data + RW Data)       4568 (   4.46kB)

==============================================================================

